Optimizing Linkage Editor (V.10.02.01.000)        14-Aug-2018 18:47:54

*** Options ***

-subcommand=LinkerSubCommand.tmp
-input="./src/init_stack.obj"
-input="./src/CMT.obj"
-input="./src/LED.obj"
-input="./src/MTU.obj"
-input="./src/calc.obj"
-input="./src/dbsct.obj"
-input="./src/init.obj"
-input="./src/interrupt_handlers.obj"
-input="./src/map.obj"
-input="./src/motor.obj"
-input="./src/reset_program.obj"
-input="./src/sbrk.obj"
-input="./src/sensor.obj"
-input="./src/serial.obj"
-input="./src/test.obj"
-input="./src/util.obj"
-input="./src/vector_table.obj"
-start=DVECTTBL,DINTTBL,PIntPRG/0,PResetPRG/0800,P,C,C$BSEC,C$DSEC,D/01000,B,R/0FFFFA000,S/0FFFFBC00
-library=C:\D\mice\CAMELL~3\Camellia_1_sla\e2\test\Release\test.lib
-noprelink
-list=test.map
-nooptimize
-nodebug
-output=C:\D\mice\Camellia_2\Camellia_1_sla\e2\test\Release\test.abs
-rom=D=R
-nomessage
-nologo

*** Error information ***

*** Mapping List ***

SECTION                            START      END         SIZE   ALIGN

DVECTTBL
                                  00000000  0000000f        10   4
DINTTBL
                                  00000010  000003ff       3f0   4
PIntPRG
                                  00000400  0000061b       21c   4
PResetPRG
                                  00000800  0000082f        30   4
P
                                  00001000  0000cfb3      bfb4   4
C
                                  0000cfb4  0000d407       454   4
C$BSEC
                                  0000d408  0000d40f         8   4
C$DSEC
                                  0000d410  0000d41b         c   4
D
                                  0000d41c  0000d41f         4   4
B
                                  ffffa000  ffffaa13       a14   4
R
                                  ffffaa14  ffffaa17         4   4
S
                                  ffffbc00  ffffbfff       400   4
